2026-06-13 00:21:53 [INFO] [INIT] Automatic IP rotation via Webshare proxy: p.webshare.io:80 (Chrome will prompt for the proxy login if required)
2026-06-13 00:21:53 [INFO] [INPUT] CSV Header: ['', 'Property Addres', 'Property city', 'property state', 'Property Zip', 'Mailing Addres', 'Mailing city', 'Mailing state', 'Mailing Zip', 'Phone Numbers', 'Emails', 'Agent Name', 'Agent Address', '']
2026-06-13 00:21:53 [INFO] [INPUT] Column map: Name=0, Addr=1, City=2, State=3
2026-06-13 00:21:53 [INFO] [INPUT] Loaded 584 rows from C:\Users\DELL\Desktop\web-crawler\input.csv
2026-06-13 00:21:53 [INFO] [INIT] CSV loaded: 584 total records
2026-06-13 00:21:53 [INFO] [INIT] Selected rows 1-584 (584 of 584)
2026-06-13 00:21:53 [INFO] [RESUME] Auto-resume: skipped 81 already-completed row(s); 503 remaining
2026-06-13 00:21:53 [INFO] [CHROME] Found Chrome at: C:\Program Files\Google\Chrome\Application\chrome.exe
2026-06-13 00:21:53 [WARNING] [CHROME] First run with a fresh dedicated profile at C:\Users\DELL\Desktop\web-crawler\.chrome-profile. In the Chrome window that opens, install the NopeCHA extension and log into the site once — future runs reuse this profile.
2026-06-13 00:21:54 [INFO] [CHROME] Closing 7 project Chrome process(es) only: [21776, 6840, 22920, 20132, 17132, 20548, 20684]
2026-06-13 00:21:57 [INFO] [CHROME] Project Chrome processes terminated
2026-06-13 00:21:57 [INFO] [CHROME] Launching Chrome with profile: Profile 11
2026-06-13 00:21:57 [INFO] [CHROME] User data dir: C:\Users\DELL\Desktop\web-crawler\.chrome-profile
2026-06-13 00:21:57 [INFO] [CHROME] Routing through rotating proxy: p.webshare.io:80
2026-06-13 00:21:57 [INFO] [CHROME] If the proxy asks for a login, enter the username/password in the Chrome sign-in dialog when it appears.
2026-06-13 00:21:57 [INFO] [CHROME] Chrome launch command sent, waiting for CDP ready...
2026-06-13 00:21:57 [INFO] [CHROME] CDP port 9222 is ready
2026-06-13 00:21:58 [INFO] [INIT] Connecting to Chrome via CDP on port 9222...
2026-06-13 00:21:58 [INFO] [INIT] Connected to existing context (1 open tabs)
2026-06-13 00:21:58 [INFO] [INIT] Opened new tab for scraping
2026-06-13 00:21:59 [INFO] [VISIBILITY] Page pinned to focused/active — the CAPTCHA solver keeps running even if another window covers Chrome
2026-06-13 00:21:59 [WARNING] [IP] Could not determine outbound IP: Page.goto: net::ERR_INVALID_AUTH_CREDENTIALS at https://api.ipify.org/?format=json
Call log:
  - navigating to "https://api.ipify.org/?format=json", waiting until "domcontentloaded"

2026-06-13 00:21:59 [WARNING] [IP] The proxy p.webshare.io:80 may be refusing the connection. Authorise this machine's IP in the Webshare dashboard, or enter the proxy username/password in Chrome's sign-in dialog — or run with --no-proxy to use your direct/VPN connection.
2026-06-13 00:21:59 [INFO] 
--------------------------------------------------
2026-06-13 00:21:59 [INFO] [ROW 1/503] (Input CSV Row #83) Castaneda Emily G | 1314 Tanglewood Drive, Commerce, TX
2026-06-13 00:21:59 [INFO] --------------------------------------------------
2026-06-13 00:21:59 [INFO] [ROW 1] Attempt 1/3
2026-06-13 00:21:59 [INFO] [SEARCH] Looking up: Castaneda Emily G at 1314 Tanglewood Drive, Commerce, TX
2026-06-13 00:21:59 [ERROR] [SEARCH] Failed to load homepage: Page.goto: net::ERR_INVALID_AUTH_CREDENTIALS at https://www.truepeoplesearch.com/
Call log:
  - navigating to "https://www.truepeoplesearch.com/", waiting until "domcontentloaded"

2026-06-13 00:21:59 [ERROR] [SEARCH] This looks like the proxy (p.webshare.io:80) refusing the connection — authorise your IP in the Webshare dashboard, enter the proxy login in Chrome's sign-in dialog, or run with --no-proxy.
2026-06-13 00:21:59 [WARNING] [ROW 1] Attempt 1 failed, retrying...
2026-06-13 00:22:01 [INFO] [ROW 1] Attempt 2/3
2026-06-13 00:22:01 [INFO] [SEARCH] Looking up: Castaneda Emily G at 1314 Tanglewood Drive, Commerce, TX
2026-06-13 00:22:02 [ERROR] [SEARCH] Failed to load homepage: Page.goto: net::ERR_INVALID_AUTH_CREDENTIALS at https://www.truepeoplesearch.com/
Call log:
  - navigating to "https://www.truepeoplesearch.com/", waiting until "domcontentloaded"

2026-06-13 00:22:02 [ERROR] [SEARCH] This looks like the proxy (p.webshare.io:80) refusing the connection — authorise your IP in the Webshare dashboard, enter the proxy login in Chrome's sign-in dialog, or run with --no-proxy.
2026-06-13 00:22:02 [WARNING] [ROW 1] Attempt 2 failed, retrying...
2026-06-13 00:22:04 [INFO] [ROW 1] Attempt 3/3
2026-06-13 00:22:04 [INFO] [SEARCH] Looking up: Castaneda Emily G at 1314 Tanglewood Drive, Commerce, TX
2026-06-13 00:22:04 [ERROR] [SEARCH] Failed to load homepage: Page.goto: net::ERR_INVALID_AUTH_CREDENTIALS at https://www.truepeoplesearch.com/
Call log:
  - navigating to "https://www.truepeoplesearch.com/", waiting until "domcontentloaded"

2026-06-13 00:22:04 [ERROR] [SEARCH] This looks like the proxy (p.webshare.io:80) refusing the connection — authorise your IP in the Webshare dashboard, enter the proxy login in Chrome's sign-in dialog, or run with --no-proxy.
2026-06-13 00:22:04 [WARNING] [ROW 1] Attempt 3 failed, retrying...
2026-06-13 00:22:06 [ERROR] [ROW 1] FAILED after 3 attempts — skipping
2026-06-13 00:22:06 [INFO] [OUTPUT] Saved row 83 to C:\Users\DELL\Desktop\web-crawler\results.csv
2026-06-13 00:22:06 [INFO] [DELAY] Waiting 4.7s before next search...
2026-06-13 00:22:11 [INFO] 
--------------------------------------------------
2026-06-13 00:22:11 [INFO] [ROW 2/503] (Input CSV Row #84) Cerda Jose A | 613 Park Street, Commerce, TX
2026-06-13 00:22:11 [INFO] --------------------------------------------------
2026-06-13 00:22:11 [INFO] [ROW 2] Attempt 1/3
2026-06-13 00:22:11 [INFO] [SEARCH] Looking up: Cerda Jose A at 613 Park Street, Commerce, TX
2026-06-13 00:22:11 [ERROR] [SEARCH] Failed to load homepage: Page.goto: net::ERR_INVALID_AUTH_CREDENTIALS at https://www.truepeoplesearch.com/
Call log:
  - navigating to "https://www.truepeoplesearch.com/", waiting until "domcontentloaded"

2026-06-13 00:22:11 [ERROR] [SEARCH] This looks like the proxy (p.webshare.io:80) refusing the connection — authorise your IP in the Webshare dashboard, enter the proxy login in Chrome's sign-in dialog, or run with --no-proxy.
2026-06-13 00:22:11 [WARNING] [ROW 2] Attempt 1 failed, retrying...
2026-06-13 00:22:13 [INFO] [ROW 2] Attempt 2/3
2026-06-13 00:22:13 [INFO] [SEARCH] Looking up: Cerda Jose A at 613 Park Street, Commerce, TX
2026-06-13 00:22:14 [ERROR] [SEARCH] Failed to load homepage: Page.goto: net::ERR_INVALID_AUTH_CREDENTIALS at https://www.truepeoplesearch.com/
Call log:
  - navigating to "https://www.truepeoplesearch.com/", waiting until "domcontentloaded"

2026-06-13 00:22:14 [ERROR] [SEARCH] This looks like the proxy (p.webshare.io:80) refusing the connection — authorise your IP in the Webshare dashboard, enter the proxy login in Chrome's sign-in dialog, or run with --no-proxy.
2026-06-13 00:22:14 [WARNING] [ROW 2] Attempt 2 failed, retrying...
2026-06-13 00:22:16 [INFO] [ROW 2] Attempt 3/3
2026-06-13 00:22:16 [INFO] [SEARCH] Looking up: Cerda Jose A at 613 Park Street, Commerce, TX
2026-06-13 00:22:16 [ERROR] [SEARCH] Failed to load homepage: Page.goto: net::ERR_INVALID_AUTH_CREDENTIALS at https://www.truepeoplesearch.com/
Call log:
  - navigating to "https://www.truepeoplesearch.com/", waiting until "domcontentloaded"

2026-06-13 00:22:16 [ERROR] [SEARCH] This looks like the proxy (p.webshare.io:80) refusing the connection — authorise your IP in the Webshare dashboard, enter the proxy login in Chrome's sign-in dialog, or run with --no-proxy.
2026-06-13 00:22:16 [WARNING] [ROW 2] Attempt 3 failed, retrying...
2026-06-13 00:22:18 [ERROR] [ROW 2] FAILED after 3 attempts — skipping
2026-06-13 00:22:18 [INFO] [OUTPUT] Saved row 84 to C:\Users\DELL\Desktop\web-crawler\results.csv
2026-06-13 00:22:18 [INFO] [DELAY] Waiting 5.6s before next search...
2026-06-13 00:22:24 [INFO] 
--------------------------------------------------
2026-06-13 00:22:24 [INFO] [ROW 3/503] (Input CSV Row #85) Cerda Jose Jesus | 1015 Wolfe City Drive, Commerce, TX
2026-06-13 00:22:24 [INFO] --------------------------------------------------
2026-06-13 00:22:24 [INFO] [ROW 3] Attempt 1/3
2026-06-13 00:22:24 [INFO] [SEARCH] Looking up: Cerda Jose Jesus at 1015 Wolfe City Drive, Commerce, TX
2026-06-13 00:22:24 [ERROR] [SEARCH] Failed to load homepage: Page.goto: net::ERR_INVALID_AUTH_CREDENTIALS at https://www.truepeoplesearch.com/
Call log:
  - navigating to "https://www.truepeoplesearch.com/", waiting until "domcontentloaded"

2026-06-13 00:22:24 [ERROR] [SEARCH] This looks like the proxy (p.webshare.io:80) refusing the connection — authorise your IP in the Webshare dashboard, enter the proxy login in Chrome's sign-in dialog, or run with --no-proxy.
2026-06-13 00:22:24 [WARNING] [ROW 3] Attempt 1 failed, retrying...
2026-06-13 00:22:26 [INFO] [ROW 3] Attempt 2/3
2026-06-13 00:22:26 [INFO] [SEARCH] Looking up: Cerda Jose Jesus at 1015 Wolfe City Drive, Commerce, TX
2026-06-13 00:22:26 [ERROR] [SEARCH] Failed to load homepage: Page.goto: net::ERR_INVALID_AUTH_CREDENTIALS at https://www.truepeoplesearch.com/
Call log:
  - navigating to "https://www.truepeoplesearch.com/", waiting until "domcontentloaded"

2026-06-13 00:22:26 [ERROR] [SEARCH] This looks like the proxy (p.webshare.io:80) refusing the connection — authorise your IP in the Webshare dashboard, enter the proxy login in Chrome's sign-in dialog, or run with --no-proxy.
2026-06-13 00:22:26 [WARNING] [ROW 3] Attempt 2 failed, retrying...
2026-06-13 00:22:28 [INFO] [ROW 3] Attempt 3/3
2026-06-13 00:22:28 [INFO] [SEARCH] Looking up: Cerda Jose Jesus at 1015 Wolfe City Drive, Commerce, TX
2026-06-13 00:22:29 [ERROR] [SEARCH] Failed to load homepage: Page.goto: net::ERR_INVALID_AUTH_CREDENTIALS at https://www.truepeoplesearch.com/
Call log:
  - navigating to "https://www.truepeoplesearch.com/", waiting until "domcontentloaded"

2026-06-13 00:22:29 [ERROR] [SEARCH] This looks like the proxy (p.webshare.io:80) refusing the connection — authorise your IP in the Webshare dashboard, enter the proxy login in Chrome's sign-in dialog, or run with --no-proxy.
2026-06-13 00:22:29 [WARNING] [ROW 3] Attempt 3 failed, retrying...
2026-06-13 00:22:31 [ERROR] [ROW 3] FAILED after 3 attempts — skipping
2026-06-13 00:22:31 [INFO] [OUTPUT] Saved row 85 to C:\Users\DELL\Desktop\web-crawler\results.csv
2026-06-13 00:22:31 [INFO] [DELAY] Waiting 4.7s before next search...
2026-06-13 00:22:35 [INFO] 
--------------------------------------------------
2026-06-13 00:22:35 [INFO] [ROW 4/503] (Input CSV Row #86) Chambers Shawna M | 1407 Tanglewood Drive, Commerce, TX
2026-06-13 00:22:35 [INFO] --------------------------------------------------
2026-06-13 00:22:35 [INFO] [ROW 4] Attempt 1/3
2026-06-13 00:22:35 [INFO] [SEARCH] Looking up: Chambers Shawna M at 1407 Tanglewood Drive, Commerce, TX
2026-06-13 00:22:36 [ERROR] [SEARCH] Failed to load homepage: Page.goto: net::ERR_INVALID_AUTH_CREDENTIALS at https://www.truepeoplesearch.com/
Call log:
  - navigating to "https://www.truepeoplesearch.com/", waiting until "domcontentloaded"

2026-06-13 00:22:36 [ERROR] [SEARCH] This looks like the proxy (p.webshare.io:80) refusing the connection — authorise your IP in the Webshare dashboard, enter the proxy login in Chrome's sign-in dialog, or run with --no-proxy.
2026-06-13 00:22:36 [WARNING] [ROW 4] Attempt 1 failed, retrying...
2026-06-13 00:22:38 [INFO] [ROW 4] Attempt 2/3
2026-06-13 00:22:38 [INFO] [SEARCH] Looking up: Chambers Shawna M at 1407 Tanglewood Drive, Commerce, TX
2026-06-13 00:22:38 [ERROR] [SEARCH] Failed to load homepage: Page.goto: net::ERR_INVALID_AUTH_CREDENTIALS at https://www.truepeoplesearch.com/
Call log:
  - navigating to "https://www.truepeoplesearch.com/", waiting until "domcontentloaded"

2026-06-13 00:22:38 [ERROR] [SEARCH] This looks like the proxy (p.webshare.io:80) refusing the connection — authorise your IP in the Webshare dashboard, enter the proxy login in Chrome's sign-in dialog, or run with --no-proxy.
2026-06-13 00:22:38 [WARNING] [ROW 4] Attempt 2 failed, retrying...
2026-06-13 00:22:40 [INFO] [ROW 4] Attempt 3/3
2026-06-13 00:22:40 [INFO] [SEARCH] Looking up: Chambers Shawna M at 1407 Tanglewood Drive, Commerce, TX
2026-06-13 00:22:40 [ERROR] [SEARCH] Failed to load homepage: Page.goto: net::ERR_INVALID_AUTH_CREDENTIALS at https://www.truepeoplesearch.com/
Call log:
  - navigating to "https://www.truepeoplesearch.com/", waiting until "domcontentloaded"

2026-06-13 00:22:40 [ERROR] [SEARCH] This looks like the proxy (p.webshare.io:80) refusing the connection — authorise your IP in the Webshare dashboard, enter the proxy login in Chrome's sign-in dialog, or run with --no-proxy.
2026-06-13 00:22:40 [WARNING] [ROW 4] Attempt 3 failed, retrying...
2026-06-13 00:22:43 [ERROR] [ROW 4] FAILED after 3 attempts — skipping
2026-06-13 00:22:43 [INFO] [OUTPUT] Saved row 86 to C:\Users\DELL\Desktop\web-crawler\results.csv
2026-06-13 00:22:43 [INFO] [DELAY] Waiting 6.8s before next search...
2026-06-13 00:22:49 [INFO] 
--------------------------------------------------
2026-06-13 00:22:49 [INFO] [ROW 5/503] (Input CSV Row #87) Chaney Boys | 101 King Lane, Commerce, TX
2026-06-13 00:22:49 [INFO] --------------------------------------------------
2026-06-13 00:22:49 [INFO] [ROW 5] Attempt 1/3
2026-06-13 00:22:49 [INFO] [SEARCH] Looking up: Chaney Boys at 101 King Lane, Commerce, TX
2026-06-13 00:22:50 [ERROR] [SEARCH] Failed to load homepage: Page.goto: net::ERR_INVALID_AUTH_CREDENTIALS at https://www.truepeoplesearch.com/
Call log:
  - navigating to "https://www.truepeoplesearch.com/", waiting until "domcontentloaded"

2026-06-13 00:22:50 [ERROR] [SEARCH] This looks like the proxy (p.webshare.io:80) refusing the connection — authorise your IP in the Webshare dashboard, enter the proxy login in Chrome's sign-in dialog, or run with --no-proxy.
2026-06-13 00:22:50 [WARNING] [ROW 5] Attempt 1 failed, retrying...
2026-06-13 00:22:52 [INFO] [ROW 5] Attempt 2/3
2026-06-13 00:22:52 [INFO] [SEARCH] Looking up: Chaney Boys at 101 King Lane, Commerce, TX
2026-06-13 00:22:52 [ERROR] [SEARCH] Failed to load homepage: Page.goto: net::ERR_INVALID_AUTH_CREDENTIALS at https://www.truepeoplesearch.com/
Call log:
  - navigating to "https://www.truepeoplesearch.com/", waiting until "domcontentloaded"

2026-06-13 00:22:52 [ERROR] [SEARCH] This looks like the proxy (p.webshare.io:80) refusing the connection — authorise your IP in the Webshare dashboard, enter the proxy login in Chrome's sign-in dialog, or run with --no-proxy.
2026-06-13 00:22:52 [WARNING] [ROW 5] Attempt 2 failed, retrying...
2026-06-13 00:22:54 [INFO] [ROW 5] Attempt 3/3
2026-06-13 00:22:54 [INFO] [SEARCH] Looking up: Chaney Boys at 101 King Lane, Commerce, TX
2026-06-13 00:22:54 [ERROR] [SEARCH] Failed to load homepage: Page.goto: net::ERR_INVALID_AUTH_CREDENTIALS at https://www.truepeoplesearch.com/
Call log:
  - navigating to "https://www.truepeoplesearch.com/", waiting until "domcontentloaded"

2026-06-13 00:22:54 [ERROR] [SEARCH] This looks like the proxy (p.webshare.io:80) refusing the connection — authorise your IP in the Webshare dashboard, enter the proxy login in Chrome's sign-in dialog, or run with --no-proxy.
2026-06-13 00:22:55 [WARNING] [ROW 5] Attempt 3 failed, retrying...
2026-06-13 00:22:57 [ERROR] [ROW 5] FAILED after 3 attempts — skipping
2026-06-13 00:22:57 [INFO] [OUTPUT] Saved row 87 to C:\Users\DELL\Desktop\web-crawler\results.csv
2026-06-13 00:22:57 [INFO] [DELAY] Waiting 3.1s before next search...
2026-06-13 00:23:00 [INFO] 
--------------------------------------------------
2026-06-13 00:23:00 [INFO] [ROW 6/503] (Input CSV Row #88) Chaney Boys | 2602 Taylor Street, Commerce, TX
2026-06-13 00:23:00 [INFO] --------------------------------------------------
2026-06-13 00:23:00 [INFO] [ROW 6] Attempt 1/3
2026-06-13 00:23:00 [INFO] [SEARCH] Looking up: Chaney Boys at 2602 Taylor Street, Commerce, TX
2026-06-13 00:23:00 [ERROR] [SEARCH] Failed to load homepage: Page.goto: net::ERR_INVALID_AUTH_CREDENTIALS at https://www.truepeoplesearch.com/
Call log:
  - navigating to "https://www.truepeoplesearch.com/", waiting until "domcontentloaded"

2026-06-13 00:23:00 [ERROR] [SEARCH] This looks like the proxy (p.webshare.io:80) refusing the connection — authorise your IP in the Webshare dashboard, enter the proxy login in Chrome's sign-in dialog, or run with --no-proxy.
2026-06-13 00:23:00 [WARNING] [ROW 6] Attempt 1 failed, retrying...
2026-06-13 00:23:02 [INFO] [ROW 6] Attempt 2/3
2026-06-13 00:23:02 [INFO] [SEARCH] Looking up: Chaney Boys at 2602 Taylor Street, Commerce, TX
2026-06-13 00:23:02 [ERROR] [SEARCH] Failed to load homepage: Page.goto: net::ERR_INVALID_AUTH_CREDENTIALS at https://www.truepeoplesearch.com/
Call log:
  - navigating to "https://www.truepeoplesearch.com/", waiting until "domcontentloaded"

2026-06-13 00:23:02 [ERROR] [SEARCH] This looks like the proxy (p.webshare.io:80) refusing the connection — authorise your IP in the Webshare dashboard, enter the proxy login in Chrome's sign-in dialog, or run with --no-proxy.
2026-06-13 00:23:02 [WARNING] [ROW 6] Attempt 2 failed, retrying...
2026-06-13 00:23:04 [INFO] [ROW 6] Attempt 3/3
2026-06-13 00:23:04 [INFO] [SEARCH] Looking up: Chaney Boys at 2602 Taylor Street, Commerce, TX
2026-06-13 00:23:05 [ERROR] [SEARCH] Failed to load homepage: Page.goto: net::ERR_INVALID_AUTH_CREDENTIALS at https://www.truepeoplesearch.com/
Call log:
  - navigating to "https://www.truepeoplesearch.com/", waiting until "domcontentloaded"

2026-06-13 00:23:05 [ERROR] [SEARCH] This looks like the proxy (p.webshare.io:80) refusing the connection — authorise your IP in the Webshare dashboard, enter the proxy login in Chrome's sign-in dialog, or run with --no-proxy.
2026-06-13 00:23:05 [WARNING] [ROW 6] Attempt 3 failed, retrying...
2026-06-13 00:23:07 [ERROR] [ROW 6] FAILED after 3 attempts — skipping
2026-06-13 00:23:07 [INFO] [OUTPUT] Saved row 88 to C:\Users\DELL\Desktop\web-crawler\results.csv
2026-06-13 00:23:07 [INFO] [DELAY] Waiting 5.1s before next search...
2026-06-13 00:23:12 [INFO] 
--------------------------------------------------
2026-06-13 00:23:12 [INFO] [ROW 7/503] (Input CSV Row #89) Chaney Boys | 2622 Washington Street, Commerce, TX
2026-06-13 00:23:12 [INFO] --------------------------------------------------
2026-06-13 00:23:12 [INFO] [ROW 7] Attempt 1/3
2026-06-13 00:23:12 [INFO] [SEARCH] Looking up: Chaney Boys at 2622 Washington Street, Commerce, TX
2026-06-13 00:23:12 [ERROR] [SEARCH] Failed to load homepage: Page.goto: net::ERR_INVALID_AUTH_CREDENTIALS at https://www.truepeoplesearch.com/
Call log:
  - navigating to "https://www.truepeoplesearch.com/", waiting until "domcontentloaded"

2026-06-13 00:23:12 [ERROR] [SEARCH] This looks like the proxy (p.webshare.io:80) refusing the connection — authorise your IP in the Webshare dashboard, enter the proxy login in Chrome's sign-in dialog, or run with --no-proxy.
2026-06-13 00:23:12 [WARNING] [ROW 7] Attempt 1 failed, retrying...
2026-06-13 00:23:14 [INFO] [ROW 7] Attempt 2/3
2026-06-13 00:23:14 [INFO] [SEARCH] Looking up: Chaney Boys at 2622 Washington Street, Commerce, TX
2026-06-13 00:23:15 [ERROR] [SEARCH] Failed to load homepage: Page.goto: net::ERR_INVALID_AUTH_CREDENTIALS at https://www.truepeoplesearch.com/
Call log:
  - navigating to "https://www.truepeoplesearch.com/", waiting until "domcontentloaded"

2026-06-13 00:23:15 [ERROR] [SEARCH] This looks like the proxy (p.webshare.io:80) refusing the connection — authorise your IP in the Webshare dashboard, enter the proxy login in Chrome's sign-in dialog, or run with --no-proxy.
2026-06-13 00:23:15 [WARNING] [ROW 7] Attempt 2 failed, retrying...
2026-06-13 00:23:17 [INFO] [ROW 7] Attempt 3/3
2026-06-13 00:23:17 [INFO] [SEARCH] Looking up: Chaney Boys at 2622 Washington Street, Commerce, TX
2026-06-13 00:23:17 [ERROR] [SEARCH] Failed to load homepage: Page.goto: net::ERR_INVALID_AUTH_CREDENTIALS at https://www.truepeoplesearch.com/
Call log:
  - navigating to "https://www.truepeoplesearch.com/", waiting until "domcontentloaded"

2026-06-13 00:23:17 [ERROR] [SEARCH] This looks like the proxy (p.webshare.io:80) refusing the connection — authorise your IP in the Webshare dashboard, enter the proxy login in Chrome's sign-in dialog, or run with --no-proxy.
2026-06-13 00:23:17 [WARNING] [ROW 7] Attempt 3 failed, retrying...
2026-06-13 00:23:19 [ERROR] [ROW 7] FAILED after 3 attempts — skipping
2026-06-13 00:23:19 [INFO] [OUTPUT] Saved row 89 to C:\Users\DELL\Desktop\web-crawler\results.csv
2026-06-13 00:23:19 [INFO] [DELAY] Waiting 4.7s before next search...
2026-06-13 00:23:24 [INFO] 
--------------------------------------------------
2026-06-13 00:23:24 [INFO] [ROW 8/503] (Input CSV Row #90) Chaney Boys | 2801 McCarley Drive, Commerce, TX
2026-06-13 00:23:24 [INFO] --------------------------------------------------
2026-06-13 00:23:24 [INFO] [ROW 8] Attempt 1/3
2026-06-13 00:23:24 [INFO] [SEARCH] Looking up: Chaney Boys at 2801 McCarley Drive, Commerce, TX
2026-06-13 00:23:24 [ERROR] [SEARCH] Failed to load homepage: Page.goto: net::ERR_INVALID_AUTH_CREDENTIALS at https://www.truepeoplesearch.com/
Call log:
  - navigating to "https://www.truepeoplesearch.com/", waiting until "domcontentloaded"

2026-06-13 00:23:24 [ERROR] [SEARCH] This looks like the proxy (p.webshare.io:80) refusing the connection — authorise your IP in the Webshare dashboard, enter the proxy login in Chrome's sign-in dialog, or run with --no-proxy.
2026-06-13 00:23:24 [WARNING] [ROW 8] Attempt 1 failed, retrying...
2026-06-13 00:23:26 [INFO] [ROW 8] Attempt 2/3
2026-06-13 00:23:26 [INFO] [SEARCH] Looking up: Chaney Boys at 2801 McCarley Drive, Commerce, TX
2026-06-13 00:23:27 [ERROR] [SEARCH] Failed to load homepage: Page.goto: net::ERR_INVALID_AUTH_CREDENTIALS at https://www.truepeoplesearch.com/
Call log:
  - navigating to "https://www.truepeoplesearch.com/", waiting until "domcontentloaded"

2026-06-13 00:23:27 [ERROR] [SEARCH] This looks like the proxy (p.webshare.io:80) refusing the connection — authorise your IP in the Webshare dashboard, enter the proxy login in Chrome's sign-in dialog, or run with --no-proxy.
2026-06-13 00:23:27 [WARNING] [ROW 8] Attempt 2 failed, retrying...
2026-06-13 00:23:29 [INFO] [ROW 8] Attempt 3/3
2026-06-13 00:23:29 [INFO] [SEARCH] Looking up: Chaney Boys at 2801 McCarley Drive, Commerce, TX
2026-06-13 00:23:29 [ERROR] [SEARCH] Failed to load homepage: Page.goto: net::ERR_INVALID_AUTH_CREDENTIALS at https://www.truepeoplesearch.com/
Call log:
  - navigating to "https://www.truepeoplesearch.com/", waiting until "domcontentloaded"

2026-06-13 00:23:29 [ERROR] [SEARCH] This looks like the proxy (p.webshare.io:80) refusing the connection — authorise your IP in the Webshare dashboard, enter the proxy login in Chrome's sign-in dialog, or run with --no-proxy.
2026-06-13 00:23:29 [WARNING] [ROW 8] Attempt 3 failed, retrying...
2026-06-13 00:23:31 [ERROR] [ROW 8] FAILED after 3 attempts — skipping
2026-06-13 00:23:31 [INFO] [OUTPUT] Saved row 90 to C:\Users\DELL\Desktop\web-crawler\results.csv
2026-06-13 00:23:31 [INFO] [DELAY] Waiting 3.4s before next search...
2026-06-13 00:23:34 [INFO] 
--------------------------------------------------
2026-06-13 00:23:34 [INFO] [ROW 9/503] (Input CSV Row #91) Chaney Boys | 2800 McCarley Drive, Commerce, TX
2026-06-13 00:23:34 [INFO] --------------------------------------------------
2026-06-13 00:23:34 [INFO] [ROW 9] Attempt 1/3
2026-06-13 00:23:34 [INFO] [SEARCH] Looking up: Chaney Boys at 2800 McCarley Drive, Commerce, TX
2026-06-13 00:23:35 [ERROR] [SEARCH] Failed to load homepage: Page.goto: net::ERR_INVALID_AUTH_CREDENTIALS at https://www.truepeoplesearch.com/
Call log:
  - navigating to "https://www.truepeoplesearch.com/", waiting until "domcontentloaded"

2026-06-13 00:23:35 [ERROR] [SEARCH] This looks like the proxy (p.webshare.io:80) refusing the connection — authorise your IP in the Webshare dashboard, enter the proxy login in Chrome's sign-in dialog, or run with --no-proxy.
2026-06-13 00:23:35 [WARNING] [ROW 9] Attempt 1 failed, retrying...
2026-06-13 00:23:37 [INFO] [ROW 9] Attempt 2/3
2026-06-13 00:23:37 [INFO] [SEARCH] Looking up: Chaney Boys at 2800 McCarley Drive, Commerce, TX
2026-06-13 00:23:37 [ERROR] [SEARCH] Failed to load homepage: Page.goto: net::ERR_INVALID_AUTH_CREDENTIALS at https://www.truepeoplesearch.com/
Call log:
  - navigating to "https://www.truepeoplesearch.com/", waiting until "domcontentloaded"

2026-06-13 00:23:37 [ERROR] [SEARCH] This looks like the proxy (p.webshare.io:80) refusing the connection — authorise your IP in the Webshare dashboard, enter the proxy login in Chrome's sign-in dialog, or run with --no-proxy.
2026-06-13 00:23:37 [WARNING] [ROW 9] Attempt 2 failed, retrying...
2026-06-13 00:23:39 [INFO] [ROW 9] Attempt 3/3
2026-06-13 00:23:39 [INFO] [SEARCH] Looking up: Chaney Boys at 2800 McCarley Drive, Commerce, TX
2026-06-13 00:23:39 [ERROR] [SEARCH] Failed to load homepage: Page.goto: net::ERR_INVALID_AUTH_CREDENTIALS at https://www.truepeoplesearch.com/
Call log:
  - navigating to "https://www.truepeoplesearch.com/", waiting until "domcontentloaded"

2026-06-13 00:23:39 [ERROR] [SEARCH] This looks like the proxy (p.webshare.io:80) refusing the connection — authorise your IP in the Webshare dashboard, enter the proxy login in Chrome's sign-in dialog, or run with --no-proxy.
2026-06-13 00:23:40 [WARNING] [ROW 9] Attempt 3 failed, retrying...
2026-06-13 00:23:42 [ERROR] [ROW 9] FAILED after 3 attempts — skipping
2026-06-13 00:23:42 [INFO] [OUTPUT] Saved row 91 to C:\Users\DELL\Desktop\web-crawler\results.csv
2026-06-13 00:23:42 [INFO] [DELAY] Waiting 3.3s before next search...
2026-06-13 00:23:44 [WARNING] 
[INIT] Interrupted by user. Progress is saved in results.csv — re-run to auto-resume.
